   Compiling wasmparser v0.254.2
   Compiling latent-effects v0.1.0-alpha.5 (/source/crates/latent-effects)
   Compiling latent-executor v0.1.0-alpha.5 (/source/crates/latent-executor)
   Compiling latent-telemetry v0.1.0-alpha.5 (/source/crates/latent-telemetry)
   Compiling wasmtime-internal-versioned-export-macros v48.0.4
   Compiling object v0.39.1
   Compiling serde_json v1.0.151
   Compiling rustc-hash v2.1.3
   Compiling serde v1.0.229
   Compiling arbitrary v1.4.2
   Compiling cranelift-control v0.135.4
   Compiling regalloc2 v0.15.2
   Compiling latent-capabilities v0.1.0-alpha.5 (/source/crates/latent-capabilities)
   Compiling cranelift-codegen v0.135.4
   Compiling cranelift-assembler-x64 v0.135.4
   Compiling anyhow v1.0.104
   Compiling icu_properties_data v2.3.0
   Compiling icu_normalizer_data v2.3.0
   Compiling pulley-interpreter v48.0.4
   Compiling rustls-pki-types v1.15.1
   Compiling getrandom v0.2.17
   Compiling untrusted v0.9.0
   Compiling memchr v2.8.3
   Compiling termcolor v1.4.1
   Compiling wasmtime-internal-component-util v48.0.4
   Compiling wasmprinter v0.254.2
   Compiling ring v0.17.14
   Compiling icu_normalizer v2.3.0
   Compiling icu_properties v2.3.0
   Compiling wasm-encoder v0.254.2
   Compiling wasmtime-environ v48.0.4
   Compiling wasm-metadata v0.254.2
   Compiling wit-parser v0.254.2
   Compiling idna_adapter v1.2.2
   Compiling http v1.5.0
   Compiling httparse v1.10.1
   Compiling rustls v0.23.45
   Compiling percent-encoding v2.3.2
   Compiling wasmtime-internal-unwinder v48.0.4
   Compiling form_urlencoded v1.2.2
   Compiling http-body v1.1.0
   Compiling idna v1.1.0
   Compiling wit-component v0.254.2
   Compiling rustls-webpki v0.103.15
   Compiling wasmtime-internal-fiber v48.0.4
   Compiling chacha20 v0.10.2
   Compiling tracing-core v0.1.36
   Compiling wasmtime-internal-component-macro v48.0.4
   Compiling try-lock v0.2.5
   Compiling either v1.18.0
   Compiling wasmtime-internal-cranelift v48.0.4
   Compiling time-core v0.1.9
   Compiling futures-task v0.3.34
   Compiling num-conv v0.2.2
   Compiling slab v0.4.12
   Compiling futures-io v0.3.34
   Compiling futures-util v0.3.34
   Compiling time-macros v0.2.32
   Compiling itertools v0.14.0
   Compiling want v0.3.1
   Compiling tracing v0.1.44
   Compiling rand v0.10.2
   Compiling wasmtime-internal-wit-bindgen v48.0.4
   Compiling url v2.5.8
   Compiling cranelift-native v0.135.4
   Compiling cranelift-frontend v0.135.4
   Compiling wasmtime v48.0.4
   Compiling powerfmt v0.2.0
   Compiling tinyvec v1.13.3
   Compiling deranged v0.5.8
   Compiling simd-adler32 v0.3.10
   Compiling adler2 v2.0.1
   Compiling atomic-waker v1.1.2
   Compiling data-encoding v2.11.1
   Compiling hickory-proto v0.26.3
   Compiling hyper v1.11.1
   Compiling miniz_oxide v0.9.1
   Compiling time v0.3.55
   Compiling tokio-rustls v0.26.5
   Compiling futures v0.3.34
   Compiling webpki-roots v1.0.9
   Compiling wasmtime-internal-jit-icache-coherence v48.0.4
   Compiling latent-admission v0.1.0-alpha.5 (/source/crates/latent-admission)
   Compiling memfd v0.6.5
   Compiling enumflags2_derive v0.7.12
   Compiling encoding_rs v0.8.35
   Compiling async-trait v0.1.92
   Compiling latent-component-bindings v0.1.0-alpha.5 (/source/crates/latent-component-bindings)
   Compiling enumflags2 v0.7.12
   Compiling latent-scheduler v0.1.0-alpha.5 (/source/crates/latent-scheduler)
   Compiling flate2 v1.1.10
   Compiling hyper-util v0.1.20
   Compiling latent-network v0.1.0-alpha.5 (/source/crates/latent-network)
   Compiling http-body-util v0.1.5
   Compiling latent-wasmtime v0.1.0-alpha.5 (/source/crates/latent-wasmtime)
   Compiling latent-http v0.1.0-alpha.5 (/source/crates/latent-http)
   Compiling latent-node v0.1.0-alpha.5 (/source/crates/latent-node)
   Compiling landlock v0.4.7
   Compiling latent-triggers v0.1.0-alpha.5 (/source/crates/latent-triggers)
   Compiling latent-identity v0.1.0-alpha.5 (/source/crates/latent-identity)
   Compiling seccompiler v0.5.0
   Compiling close_fds v0.3.2
   Compiling latent-ingress v0.1.0-alpha.5 (/source/crates/latent-ingress)
   Compiling yasna v0.6.0
   Compiling latent-secrets v0.1.0-alpha.5 (/source/crates/latent-secrets)
   Compiling quick-xml v0.42.0
   Compiling fastrand v2.5.0
   Compiling tempfile v3.27.0
   Compiling latent-blobs v0.1.0-alpha.5 (/source/crates/latent-blobs)
   Compiling latent-vault v0.1.0-alpha.5 (/source/crates/latent-vault)
   Compiling rcgen v0.14.10
   Compiling latent-control-store v0.1.0-alpha.5 (/source/crates/latent-control-store)
   Compiling latent-nats v0.1.0-alpha.5 (/source/crates/latent-nats)
   Compiling wasm-encoder v0.259.0
   Compiling memmap2 v0.9.11
    Finished `test` profile [unoptimized] target(s) in 2m 46s
     Running tests/native_aot_cache.rs (/build/target/debug/deps/native_aot_cache-0598e9e895d75a3e)

running 5 tests
test ownership::evicted_ready_handle_keeps_its_image_and_revocation_never_recovers_from_native_cache ... ok
test reopen::buffered_web_profile_change_after_restart_cannot_reuse_a_stale_native_image ... ok
test reopen::identical_component_after_restart_requires_its_exact_engine_before_native_reuse ... ok
test reopen::real_miss_invokes_then_reopened_native_hit_verifies_source_without_compiling ... ok
test tamper::replaced_bytes_with_matching_sha_and_wrong_host_key_never_reach_the_loader ... ok

test result: ok. 5 passed; 0 failed; 0 ignored; 0 measured; 0 filtered out; finished in 17.05s

