   Compiling latent-manifest v0.1.0-alpha.5 (/var/lib/docker/volumes/latent-p4-root-native-20261007-v6/_data/native-active-portable-v3/crates/latent-manifest)
   Compiling latent-contracts v0.1.0-alpha.5 (/var/lib/docker/volumes/latent-p4-root-native-20261007-v6/_data/native-active-portable-v3/crates/latent-contracts)
   Compiling latent-audit v0.1.0-alpha.5 (/var/lib/docker/volumes/latent-p4-root-native-20261007-v6/_data/native-active-portable-v3/crates/latent-audit)
   Compiling latent-routing v0.1.0-alpha.5 (/var/lib/docker/volumes/latent-p4-root-native-20261007-v6/_data/native-active-portable-v3/crates/latent-routing)
   Compiling latent-activation v0.1.0-alpha.5 (/var/lib/docker/volumes/latent-p4-root-native-20261007-v6/_data/native-active-portable-v3/crates/latent-activation)
   Compiling latent-artifacts v0.1.0-alpha.5 (/var/lib/docker/volumes/latent-p4-root-native-20261007-v6/_data/native-active-portable-v3/crates/latent-artifacts)
   Compiling latent-protected-files v0.1.0-alpha.5 (/var/lib/docker/volumes/latent-p4-root-native-20261007-v6/_data/native-active-portable-v3/crates/latent-protected-files)
   Compiling latent-state v0.1.0-alpha.5 (/var/lib/docker/volumes/latent-p4-root-native-20261007-v6/_data/native-active-portable-v3/crates/latent-state)
   Compiling latent-packaging v0.1.0-alpha.5 (/var/lib/docker/volumes/latent-p4-root-native-20261007-v6/_data/native-active-portable-v3/crates/latent-packaging)
   Compiling latent-signing v0.1.0-alpha.5 (/var/lib/docker/volumes/latent-p4-root-native-20261007-v6/_data/native-active-portable-v3/crates/latent-signing)
   Compiling latent-effects v0.1.0-alpha.5 (/var/lib/docker/volumes/latent-p4-root-native-20261007-v6/_data/native-active-portable-v3/crates/latent-effects)
   Compiling latent-policy v0.1.0-alpha.5 (/var/lib/docker/volumes/latent-p4-root-native-20261007-v6/_data/native-active-portable-v3/crates/latent-policy)
   Compiling latent-commit v0.1.0-alpha.5 (/var/lib/docker/volumes/latent-p4-root-native-20261007-v6/_data/native-active-portable-v3/crates/latent-commit)
   Compiling latent-executor v0.1.0-alpha.5 (/var/lib/docker/volumes/latent-p4-root-native-20261007-v6/_data/native-active-portable-v3/crates/latent-executor)
   Compiling latent-telemetry v0.1.0-alpha.5 (/var/lib/docker/volumes/latent-p4-root-native-20261007-v6/_data/native-active-portable-v3/crates/latent-telemetry)
   Compiling latent-admission v0.1.0-alpha.5 (/var/lib/docker/volumes/latent-p4-root-native-20261007-v6/_data/native-active-portable-v3/crates/latent-admission)
   Compiling latent-scheduler v0.1.0-alpha.5 (/var/lib/docker/volumes/latent-p4-root-native-20261007-v6/_data/native-active-portable-v3/crates/latent-scheduler)
   Compiling latent-capabilities v0.1.0-alpha.5 (/var/lib/docker/volumes/latent-p4-root-native-20261007-v6/_data/native-active-portable-v3/crates/latent-capabilities)
   Compiling latent-triggers v0.1.0-alpha.5 (/var/lib/docker/volumes/latent-p4-root-native-20261007-v6/_data/native-active-portable-v3/crates/latent-triggers)
   Compiling latent-identity v0.1.0-alpha.5 (/var/lib/docker/volumes/latent-p4-root-native-20261007-v6/_data/native-active-portable-v3/crates/latent-identity)
   Compiling latent-ingress v0.1.0-alpha.5 (/var/lib/docker/volumes/latent-p4-root-native-20261007-v6/_data/native-active-portable-v3/crates/latent-ingress)
   Compiling latent-rpc v0.1.0-alpha.5 (/var/lib/docker/volumes/latent-p4-root-native-20261007-v6/_data/native-active-portable-v3/crates/latent-rpc)
   Compiling latent-node v0.1.0-alpha.5 (/var/lib/docker/volumes/latent-p4-root-native-20261007-v6/_data/native-active-portable-v3/crates/latent-node)
   Compiling latent-component-bindings v0.1.0-alpha.5 (/var/lib/docker/volumes/latent-p4-root-native-20261007-v6/_data/native-active-portable-v3/crates/latent-component-bindings)
   Compiling latent-control-store v0.1.0-alpha.5 (/var/lib/docker/volumes/latent-p4-root-native-20261007-v6/_data/native-active-portable-v3/crates/latent-control-store)
   Compiling latent-wasmtime v0.1.0-alpha.5 (/var/lib/docker/volumes/latent-p4-root-native-20261007-v6/_data/native-active-portable-v3/crates/latent-wasmtime)
   Compiling latent-rollout v0.1.0-alpha.5 (/var/lib/docker/volumes/latent-p4-root-native-20261007-v6/_data/native-active-portable-v3/crates/latent-rollout)
   Compiling latent-wire v0.1.0-alpha.5 (/var/lib/docker/volumes/latent-p4-root-native-20261007-v6/_data/native-active-portable-v3/crates/latent-wire)
   Compiling latent-http v0.1.0-alpha.5 (/var/lib/docker/volumes/latent-p4-root-native-20261007-v6/_data/native-active-portable-v3/crates/latent-http)
   Compiling latent-blobs v0.1.0-alpha.5 (/var/lib/docker/volumes/latent-p4-root-native-20261007-v6/_data/native-active-portable-v3/crates/latent-blobs)
   Compiling latent-oci v0.1.0-alpha.5 (/var/lib/docker/volumes/latent-p4-root-native-20261007-v6/_data/native-active-portable-v3/crates/latent-oci)
   Compiling latent-nats v0.1.0-alpha.5 (/var/lib/docker/volumes/latent-p4-root-native-20261007-v6/_data/native-active-portable-v3/crates/latent-nats)
   Compiling latent-secrets v0.1.0-alpha.5 (/var/lib/docker/volumes/latent-p4-root-native-20261007-v6/_data/native-active-portable-v3/crates/latent-secrets)
   Compiling latentd v0.1.0-alpha.5 (/var/lib/docker/volumes/latent-p4-root-native-20261007-v6/_data/native-active-portable-v3/apps/latentd)
   Compiling latent v0.1.0-alpha.5 (/var/lib/docker/volumes/latent-p4-root-native-20261007-v6/_data/native-active-portable-v3/apps/latent)
    Finished `dev` profile [unoptimized] target(s) in 59.43s
