    Checking latent-core v0.1.0-alpha.5 (/source/crates/latent-core)
   Compiling latent-rpc v0.1.0-alpha.5 (/source/crates/latent-rpc)
    Checking latent-manifest v0.1.0-alpha.5 (/source/crates/latent-manifest)
    Checking latent-contracts v0.1.0-alpha.5 (/source/crates/latent-contracts)
    Checking latent-audit v0.1.0-alpha.5 (/source/crates/latent-audit)
    Checking latent-routing v0.1.0-alpha.5 (/source/crates/latent-routing)
    Checking latent-activation v0.1.0-alpha.5 (/source/crates/latent-activation)
    Checking latent-protected-files v0.1.0-alpha.5 (/source/crates/latent-protected-files)
    Checking latent-state v0.1.0-alpha.5 (/source/crates/latent-state)
    Checking latent-artifacts v0.1.0-alpha.5 (/source/crates/latent-artifacts)
    Checking latent-effects v0.1.0-alpha.5 (/source/crates/latent-effects)
    Checking latent-commit v0.1.0-alpha.5 (/source/crates/latent-commit)
    Checking latent-telemetry v0.1.0-alpha.5 (/source/crates/latent-telemetry)
    Checking latent-admission v0.1.0-alpha.5 (/source/crates/latent-admission)
    Checking latent-scheduler v0.1.0-alpha.5 (/source/crates/latent-scheduler)
    Checking latent-packaging v0.1.0-alpha.5 (/source/crates/latent-packaging)
    Checking latent-signing v0.1.0-alpha.5 (/source/crates/latent-signing)
    Checking latent-executor v0.1.0-alpha.5 (/source/crates/latent-executor)
    Checking latent-policy v0.1.0-alpha.5 (/source/crates/latent-policy)
    Checking latent-triggers v0.1.0-alpha.5 (/source/crates/latent-triggers)
    Checking latent-identity v0.1.0-alpha.5 (/source/crates/latent-identity)
    Checking latent-ingress v0.1.0-alpha.5 (/source/crates/latent-ingress)
   Compiling latent-component-bindings v0.1.0-alpha.5 (/source/crates/latent-component-bindings)
    Checking latent-capabilities v0.1.0-alpha.5 (/source/crates/latent-capabilities)
    Checking latent-network v0.1.0-alpha.5 (/source/crates/latent-network)
   Compiling latent-wasmtime v0.1.0-alpha.5 (/source/crates/latent-wasmtime)
    Checking latent-node v0.1.0-alpha.5 (/source/crates/latent-node)
    Checking latent-control-store v0.1.0-alpha.5 (/source/crates/latent-control-store)
    Checking latent-http v0.1.0-alpha.5 (/source/crates/latent-http)
    Checking latent-rollout v0.1.0-alpha.5 (/source/crates/latent-rollout)
    Checking latent-blobs v0.1.0-alpha.5 (/source/crates/latent-blobs)
    Checking latent-wire v0.1.0-alpha.5 (/source/crates/latent-wire)
    Checking latent-nats v0.1.0-alpha.5 (/source/crates/latent-nats)
    Checking latent-secrets v0.1.0-alpha.5 (/source/crates/latent-secrets)
    Checking latentd v0.1.0-alpha.5 (/source/apps/latentd)
    Finished `dev` profile [unoptimized] target(s) in 1m 02s
