 Downloading crates ...
  Downloaded heck v0.5.0
  Downloaded lazy_static v1.5.0
  Downloaded form_urlencoded v1.2.2
  Downloaded futures-io v0.3.34
  Downloaded id-arena v2.3.0
  Downloaded block-buffer v0.10.4
  Downloaded zerofrom v0.1.8
  Downloaded memmap2 v0.9.11
  Downloaded hyper-util v0.1.20
  Downloaded futures-core v0.3.34
  Downloaded equivalent v1.0.2
  Downloaded futures-sink v0.3.34
  Downloaded pkcs8 v0.11.0
  Downloaded generic-array v0.14.7
  Downloaded fs-set-times v0.20.3
  Downloaded utf8_iter v1.0.4
  Downloaded maybe-owned v0.3.4
  Downloaded asn1-rs-impl v0.2.0
  Downloaded rcgen v0.14.10
  Downloaded constant_time_eq v0.4.2
  Downloaded http-body v1.1.0
  Downloaded ambient-authority v0.0.2
  Downloaded idna_adapter v1.2.2
  Downloaded memfd v0.6.5
  Downloaded enumflags2_derive v0.7.12
  Downloaded adler2 v2.0.1
  Downloaded embedded-io v0.6.1
  Downloaded atomic-waker v1.1.2
  Downloaded wasmtime-internal-component-util v48.0.3
  Downloaded fnv v1.0.7
  Downloaded asn1-rs-derive v0.6.0
  Downloaded curve25519-dalek-derive v0.1.1
  Downloaded cranelift-codegen-shared v0.135.3
  Downloaded cranelift-srcgen v0.135.3
  Downloaded crypto-common v0.1.7
  Downloaded cobs v0.3.0
  Downloaded foldhash v0.2.0
  Downloaded yoke-derive v0.8.2
  Downloaded zerofrom-derive v0.1.7
  Downloaded cpufeatures v0.2.17
  Downloaded cranelift-bitset v0.135.3
  Downloaded cranelift-native v0.135.3
  Downloaded futures-task v0.3.34
  Downloaded futures-channel v0.3.34
  Downloaded embedded-io v0.4.0
  Downloaded tinystr v0.8.4
  Downloaded tokio-rustls v0.26.5
  Downloaded wasmtime-internal-jit-icache-coherence v48.0.3
  Downloaded autocfg v1.5.1
  Downloaded http-body-util v0.1.5
  Downloaded rusticata-macros v4.1.0
  Downloaded time-core v0.1.9
  Downloaded rustc_version v0.4.1
  Downloaded try-lock v0.2.5
  Downloaded bit-vec v0.9.1
  Downloaded cranelift-control v0.135.3
  Downloaded num-conv v0.2.2
  Downloaded digest v0.10.7
  Downloaded leb128fmt v0.1.0
  Downloaded base64ct v1.8.3
  Downloaded ipnet v2.12.2
  Downloaded zerovec-derive v0.11.6
  Downloaded cranelift-assembler-x64 v0.135.3
  Downloaded signature v3.0.0
  Downloaded async-trait v0.1.92
  Downloaded io-extras v0.19.0
  Downloaded arrayvec v0.7.8
  Downloaded cranelift-bforest v0.135.3
  Downloaded potential_utf v0.1.6
  Downloaded version_check v0.9.5
  Downloaded either v1.18.0
  Downloaded enumflags2 v0.7.12
  Downloaded untrusted v0.9.0
  Downloaded close_fds v0.3.2
  Downloaded io-lifetimes v2.0.4
  Downloaded slab v0.4.12
  Downloaded deranged v0.5.8
  Downloaded cap-fs-ext v4.0.3
  Downloaded ed25519 v3.0.0
  Downloaded cranelift-entity v0.135.3
  Downloaded displaydoc v0.2.7
  Downloaded critical-section v1.2.0
  Downloaded subtle v2.6.1
  Downloaded getrandom v0.2.17
  Downloaded anyhow v1.0.104
  Downloaded crc32fast v1.5.1
  Downloaded rustc-hash v2.1.3
  Downloaded wasmtime-internal-versioned-export-macros v48.0.3
  Downloaded data-encoding v2.11.1
  Downloaded wasmtime-internal-unwinder v48.0.3
  Downloaded rustc-demangle v0.1.28
  Downloaded rustix-linux-procfs v0.1.1
  Downloaded shlex v2.0.1
  Downloaded want v0.3.1
  Downloaded wasmtime-internal-fiber v48.0.3
  Downloaded litemap v0.8.3
  Downloaded oid-registry v0.8.1
  Downloaded termcolor v1.4.1
  Downloaded thiserror-impl v2.0.20
  Downloaded addr2line v0.26.1
  Downloaded percent-encoding v2.3.2
  Downloaded icu_locale_core v2.3.0
  Downloaded sha2 v0.10.9
  Downloaded httparse v1.10.1
  Downloaded chacha20 v0.10.2
  Downloaded landlock v0.4.7
  Downloaded pulley-interpreter v48.0.3
  Downloaded find-msvc-tools v0.1.11
  Downloaded pulley-macros v48.0.3
  Downloaded cap-std v4.0.3
  Downloaded writeable v0.6.4
  Downloaded powerfmt v0.2.0
  Downloaded wasmtime-internal-jit-debug v48.0.3
  Downloaded wasmtime-internal-wit-bindgen v48.0.3
  Downloaded icu_provider v2.3.1
  Downloaded synstructure v0.13.2
  Downloaded futures v0.3.34
  Downloaded wasm-metadata v0.254.0
  Downloaded rand_core v0.10.1
  Downloaded simd-adler32 v0.3.10
  Downloaded log v0.4.34
  Downloaded rustls-pki-types v1.15.1
  Downloaded der-parser v10.0.0
  Downloaded icu_normalizer_data v2.3.0
  Downloaded icu_collections v2.3.0
  Downloaded io-lifetimes v3.0.1
  Downloaded cranelift-assembler-x64-meta v0.135.3
  Downloaded arbitrary v1.4.2
  Downloaded stable_deref_trait v1.2.1
  Downloaded allocator-api2 v0.2.21
  Downloaded num-integer v0.1.47
  Downloaded time-macros v0.2.32
  Downloaded yasna v0.6.0
  Downloaded spki v0.8.0
  Downloaded wasmtime-internal-core v48.0.3
  Downloaded postcard v1.1.3
  Downloaded cranelift-frontend v0.135.3
  Downloaded target-lexicon v0.13.5
  Downloaded smallvec v1.15.2
  Downloaded num-traits v0.2.19
  Downloaded semver v1.0.28
  Downloaded socket2 v0.6.5
  Downloaded thiserror v2.0.20
  Downloaded tinyvec v1.13.3
  Downloaded yoke v0.8.3
  Downloaded flate2 v1.1.10
  Downloaded cranelift-isle v0.135.3
  Downloaded asn1-rs v0.7.2
  Downloaded zerotrie v0.2.5
  Downloaded ed25519-dalek v3.0.0
  Downloaded icu_properties v2.3.0
  Downloaded miniz_oxide v0.9.1
  Downloaded tracing-core v0.1.36
  Downloaded cpp_demangle v0.5.1
  Downloaded cap-primitives v4.0.3
  Downloaded cc v1.4.4
  Downloaded http v1.5.0
  Downloaded wasmprinter v0.254.0
  Downloaded base64 v0.23.1
  Downloaded url v2.5.8
  Downloaded minimal-lexical v0.2.1
  Downloaded wasm-encoder v0.254.0
  Downloaded cranelift-codegen-meta v0.135.3
  Downloaded rustls-webpki v0.103.15
  Downloaded bumpalo v3.20.3
  Downloaded wasm-encoder v0.259.0
  Downloaded zerovec v0.11.8
  Downloaded indexmap v2.14.1
  Downloaded seccompiler v0.5.0
  Downloaded idna v1.1.0
  Downloaded num-bigint v0.4.8
  Downloaded rand v0.10.2
  Downloaded der v0.8.2
  Downloaded libm v0.2.16
  Downloaded nom v7.1.3
  Downloaded hashbrown v0.17.1
  Downloaded hashbrown v0.16.1
  Downloaded itertools v0.14.0
  Downloaded x509-parser v0.18.1
  Downloaded hyper v1.11.1
  Downloaded icu_properties_data v2.3.0
  Downloaded futures-util v0.3.34
  Downloaded regalloc2 v0.15.2
  Downloaded wit-parser v0.259.0
  Downloaded portable-atomic v1.15.0
  Downloaded wit-parser v0.254.0
  Downloaded quick-xml v0.42.0
  Downloaded time v0.3.55
  Downloaded blake3 v1.8.7
  Downloaded webpki-roots v1.0.9
  Downloaded wasmtime-internal-cranelift v48.0.3
  Downloaded wasmparser v0.254.0
  Downloaded wasmtime-internal-component-macro v48.0.3
  Downloaded wasmparser v0.259.0
  Downloaded hickory-proto v0.26.3
  Downloaded wasmtime-environ v48.0.3
  Downloaded rustls v0.23.45
  Downloaded syn v2.0.119
  Downloaded wit-component v0.254.0
  Downloaded gimli v0.33.0
  Downloaded object v0.39.1
  Downloaded curve25519-dalek v5.0.0
  Downloaded tracing v0.1.44
  Downloaded icu_normalizer v2.3.0
  Downloaded wasmtime v48.0.3
  Downloaded cranelift-codegen v0.135.3
  Downloaded ring v0.17.14
  Downloaded encoding_rs v0.8.35
  Downloaded spdx v0.13.5
   Compiling serde_core v1.0.229
   Compiling syn v3.0.6
   Compiling serde v1.0.229
   Compiling syn v2.0.119
   Compiling serde_derive v1.0.229
   Compiling foldhash v0.2.0
   Compiling memchr v2.8.3
   Compiling equivalent v1.0.2
   Compiling hashbrown v0.17.1
   Compiling log v0.4.34
   Compiling smallvec v1.15.2
   Compiling shlex v2.0.1
   Compiling find-msvc-tools v0.1.11
   Compiling serde_json v1.0.151
   Compiling cc v1.4.4
   Compiling rustix v1.1.5
   Compiling portable-atomic v1.15.0
   Compiling semver v1.0.28
   Compiling latent-core v0.1.0-alpha.5 (/source/crates/latent-core)
   Compiling indexmap v2.14.1
   Compiling critical-section v1.2.0
   Compiling once_cell v1.21.4
   Compiling libm v0.2.16
   Compiling anyhow v1.0.104
   Compiling latent-manifest v0.1.0-alpha.5 (/source/crates/latent-manifest)
   Compiling synstructure v0.13.2
   Compiling thiserror v2.0.20
   Compiling thiserror-impl v2.0.20
   Compiling id-arena v2.3.0
   Compiling zerofrom-derive v0.1.7
   Compiling socket2 v0.6.5
   Compiling tokio-macros v2.7.2
   Compiling zerofrom v0.1.8
   Compiling yoke-derive v0.8.2
   Compiling tokio v1.53.1
   Compiling getrandom v0.4.3
   Compiling stable_deref_trait v1.2.1
   Compiling io-lifetimes v2.0.4
   Compiling wasmtime-internal-core v48.0.3
   Compiling io-lifetimes v3.0.1
   Compiling version_check v0.9.5
   Compiling rand_core v0.10.1
   Compiling generic-array v0.14.7
   Compiling yoke v0.8.3
   Compiling latent-routing v0.1.0-alpha.5 (/source/crates/latent-routing)
   Compiling ipnet v2.12.2
   Compiling io-extras v0.19.0
   Compiling der v0.8.2
   Compiling rustc_version v0.4.1
   Compiling zerovec-derive v0.11.6
   Compiling subtle v2.6.1
   Compiling cap-primitives v4.0.3
   Compiling cranelift-srcgen v0.135.3
   Compiling zerovec v0.11.8
   Compiling cranelift-assembler-x64-meta v0.135.3
   Compiling curve25519-dalek v5.0.0
   Compiling spki v0.8.0
   Compiling fs-set-times v0.20.3
   Compiling latent-activation v0.1.0-alpha.5 (/source/crates/latent-activation)
   Compiling rustix-linux-procfs v0.1.1
   Compiling latent-audit v0.1.0-alpha.5 (/source/crates/latent-audit)
   Compiling latent-contracts v0.1.0-alpha.5 (/source/crates/latent-contracts)
   Compiling displaydoc v0.2.7
   Compiling cap-std v4.0.3
   Compiling ambient-authority v0.0.2
   Compiling maybe-owned v0.3.4
   Compiling crc32fast v1.5.1
   Compiling leb128fmt v0.1.0
   Compiling latent-artifacts v0.1.0-alpha.5 (/source/crates/latent-artifacts)
   Compiling pkcs8 v0.11.0
   Compiling cranelift-bitset v0.135.3
   Compiling curve25519-dalek-derive v0.1.1
   Compiling pulley-macros v48.0.3
   Compiling signature v3.0.0
   Compiling heck v0.5.0
   Compiling cap-fs-ext v4.0.3
   Compiling ed25519 v3.0.0
   Compiling block-buffer v0.10.4
   Compiling crypto-common v0.1.7
   Compiling wasmparser v0.259.0
   Compiling blake3 v1.8.7
   Compiling cranelift-isle v0.135.3
   Compiling futures-core v0.3.34
   Compiling base64 v0.23.1
   Compiling target-lexicon v0.13.5
   Compiling digest v0.10.7
   Compiling pulley-interpreter v48.0.3
   Compiling wit-parser v0.259.0
   Compiling ed25519-dalek v3.0.0
   Compiling cranelift-entity v0.135.3
   Compiling tinystr v0.8.4
   Compiling cobs v0.3.0
   Compiling spdx v0.13.5
   Compiling fnv v1.0.7
   Compiling hashbrown v0.16.1
   Compiling writeable v0.6.4
   Compiling litemap v0.8.3
   Compiling arrayvec v0.7.8
   Compiling cpufeatures v0.2.17
   Compiling futures-sink v0.3.34
   Compiling constant_time_eq v0.4.2
   Compiling cranelift-codegen-shared v0.135.3
   Compiling cranelift-codegen-meta v0.135.3
   Compiling futures-channel v0.3.34
   Compiling sha2 v0.10.9
   Compiling icu_locale_core v2.3.0
   Compiling gimli v0.33.0
   Compiling latent-packaging v0.1.0-alpha.5 (/source/crates/latent-packaging)
   Compiling postcard v1.1.3
   Compiling cranelift-bforest v0.135.3
   Compiling latent-signing v0.1.0-alpha.5 (/source/crates/latent-signing)
   Compiling zerotrie v0.2.5
   Compiling cranelift-assembler-x64 v0.135.3
   Compiling potential_utf v0.1.6
   Compiling ring v0.17.14
   Compiling allocator-api2 v0.2.21
   Compiling bitflags v2.13.1
   Compiling icu_normalizer_data v2.3.0
   Compiling icu_properties_data v2.3.0
   Compiling utf8_iter v1.0.4
   Compiling icu_collections v2.3.0
   Compiling wasmparser v0.254.0
   Compiling bumpalo v3.20.3
   Compiling icu_provider v2.3.1
   Compiling cranelift-codegen v0.135.3
   Compiling latent-policy v0.1.0-alpha.5 (/source/crates/latent-policy)
   Compiling latent-executor v0.1.0-alpha.5 (/source/crates/latent-executor)
   Compiling latent-telemetry v0.1.0-alpha.5 (/source/crates/latent-telemetry)
   Compiling wasmtime-internal-versioned-export-macros v48.0.3
   Compiling arbitrary v1.4.2
   Compiling rustc-hash v2.1.3
   Compiling object v0.39.1
   Compiling regalloc2 v0.15.2
   Compiling cranelift-control v0.135.3
   Compiling latent-capabilities v0.1.0-alpha.5 (/source/crates/latent-capabilities)
   Compiling rustls-pki-types v1.15.1
   Compiling getrandom v0.2.17
   Compiling wasmtime-internal-component-util v48.0.3
   Compiling termcolor v1.4.1
   Compiling untrusted v0.9.0
   Compiling wasmprinter v0.254.0
   Compiling icu_properties v2.3.0
   Compiling icu_normalizer v2.3.0
   Compiling wasm-encoder v0.254.0
   Compiling wasmtime-environ v48.0.3
   Compiling wasm-metadata v0.254.0
   Compiling wit-parser v0.254.0
   Compiling idna_adapter v1.2.2
   Compiling http v1.5.0
   Compiling percent-encoding v2.3.2
   Compiling httparse v1.10.1
   Compiling rustls v0.23.45
   Compiling wasmtime-internal-unwinder v48.0.3
   Compiling form_urlencoded v1.2.2
   Compiling http-body v1.1.0
   Compiling idna v1.1.0
   Compiling wit-component v0.254.0
   Compiling rustls-webpki v0.103.15
   Compiling wasmtime-internal-fiber v48.0.3
   Compiling chacha20 v0.10.2
   Compiling tracing-core v0.1.36
   Compiling slab v0.4.12
   Compiling wasmtime-internal-cranelift v48.0.3
   Compiling try-lock v0.2.5
   Compiling time-core v0.1.9
   Compiling num-conv v0.2.2
   Compiling wasmtime-internal-component-macro v48.0.3
   Compiling futures-task v0.3.34
   Compiling futures-io v0.3.34
   Compiling either v1.18.0
   Compiling itertools v0.14.0
   Compiling futures-util v0.3.34
   Compiling time-macros v0.2.32
   Compiling want v0.3.1
   Compiling tracing v0.1.44
   Compiling rand v0.10.2
   Compiling wasmtime-internal-wit-bindgen v48.0.3
   Compiling url v2.5.8
   Compiling cranelift-native v0.135.3
   Compiling cranelift-frontend v0.135.3
   Compiling wasmtime v48.0.3
   Compiling powerfmt v0.2.0
   Compiling tinyvec v1.13.3
   Compiling data-encoding v2.11.1
   Compiling adler2 v2.0.1
   Compiling simd-adler32 v0.3.10
   Compiling atomic-waker v1.1.2
   Compiling deranged v0.5.8
   Compiling time v0.3.55
   Compiling hyper v1.11.1
   Compiling miniz_oxide v0.9.1
   Compiling hickory-proto v0.26.3
   Compiling tokio-rustls v0.26.5
   Compiling futures v0.3.34
   Compiling webpki-roots v1.0.9
   Compiling wasmtime-internal-jit-icache-coherence v48.0.3
   Compiling latent-admission v0.1.0-alpha.5 (/source/crates/latent-admission)
   Compiling memfd v0.6.5
   Compiling encoding_rs v0.8.35
   Compiling enumflags2_derive v0.7.12
   Compiling async-trait v0.1.92
   Compiling latent-component-bindings v0.1.0-alpha.5 (/source/crates/latent-component-bindings)
   Compiling enumflags2 v0.7.12
   Compiling latent-scheduler v0.1.0-alpha.5 (/source/crates/latent-scheduler)
   Compiling latent-network v0.1.0-alpha.5 (/source/crates/latent-network)
   Compiling flate2 v1.1.10
   Compiling hyper-util v0.1.20
   Compiling http-body-util v0.1.5
   Compiling latent-wasmtime v0.1.0-alpha.5 (/source/crates/latent-wasmtime)
   Compiling latent-http v0.1.0-alpha.5 (/source/crates/latent-http)
   Compiling latent-node v0.1.0-alpha.5 (/source/crates/latent-node)
   Compiling landlock v0.4.7
   Compiling latent-triggers v0.1.0-alpha.5 (/source/crates/latent-triggers)
   Compiling latent-protected-files v0.1.0-alpha.5 (/source/crates/latent-protected-files)
   Compiling latent-identity v0.1.0-alpha.5 (/source/crates/latent-identity)
   Compiling close_fds v0.3.2
   Compiling seccompiler v0.5.0
   Compiling latent-ingress v0.1.0-alpha.5 (/source/crates/latent-ingress)
   Compiling latent-secrets v0.1.0-alpha.5 (/source/crates/latent-secrets)
   Compiling yasna v0.6.0
   Compiling quick-xml v0.42.0
   Compiling tempfile v3.27.0
   Compiling latent-blobs v0.1.0-alpha.5 (/source/crates/latent-blobs)
   Compiling rcgen v0.14.10
   Compiling latent-vault v0.1.0-alpha.5 (/source/crates/latent-vault)
   Compiling latent-control-store v0.1.0-alpha.5 (/source/crates/latent-control-store)
   Compiling latent-nats v0.1.0-alpha.5 (/source/crates/latent-nats)
   Compiling wasm-encoder v0.259.0
   Compiling memmap2 v0.9.11
    Finished `test` profile [unoptimized] target(s) in 5m 20s
     Running tests/containment_backend.rs (/target/debug/deps/containment_backend-45d678cde1a1bd4e)

running 4 tests
test contains_real_component_failures_and_reclaims_every_invocation_resource ... ok
test healthy_activations_remain_correct_while_an_infinite_activation_times_out ... ok
test healthy_activations_remain_correct_while_another_activation_traps ... ok
test memory_pressure_stays_within_the_grant_while_healthy_activations_complete ... ok

test result: ok. 4 passed; 0 failed; 0 ignored; 0 measured; 3 filtered out; finished in 1.09s

